// Jest Snapshot v1, https://goo.gl/fbAQLP

exports[`CreateNew page tests Create new, page draws correctly (snapshot) 1`] = `
<div>
  <div>
    <h1
      class="Page-title"
    >
      Create new recipe
    </h1>
    <div
      class="Content-main"
    >
      <form>
        <div
          class="Content-recipeinfo"
        >
          <label
            class="recipe-name"
          >
             Name : 
          </label>
          <input
            autocomplete="off"
            name="name"
            required=""
            type="text"
            value=""
          />
          <div
            class="recipe-tag"
          >
            <div>
              <span>
                Tag :
              </span>
              <button
                style="background-color: white;"
                type="button"
              >
                Dinner
              </button>
              <button
                style="background-color: white;"
                type="button"
              >
                Lunch
              </button>
              <button
                style="background-color: white;"
                type="button"
              >
                Breakfast
              </button>
              <button
                style="background-color: white;"
                type="button"
              >
                Snack
              </button>
              <button
                style="background-color: white;"
                type="button"
              >
                Dessert
              </button>
            </div>
          </div>
          <label
            class="recipe-description"
          >
            Description :
             
            <textarea
              autocomplete="off"
              cols="50"
              name="description"
              rows="4"
            />
          </label>
        </div>
        <div>
          <label
            class="content-portions"
          >
            Number of portions :
             
            <select
              name="portions"
            >
              <option
                value="1"
              >
                1
              </option>
              <option
                value="2"
              >
                2
              </option>
              <option
                value="3"
              >
                3
              </option>
              <option
                selected=""
                value="4"
              >
                4
              </option>
              <option
                value="5"
              >
                5
              </option>
              <option
                value="6"
              >
                6
              </option>
              <option
                value="7"
              >
                7
              </option>
              <option
                value="8"
              >
                8
              </option>
              <option
                value="9"
              >
                9
              </option>
              <option
                value="10"
              >
                10
              </option>
            </select>
          </label>
          <div
            class="content-ingredients"
          >
            <table
              class="table-ingredients"
            >
              <tbody>
                <tr
                  class="table-headerRow"
                >
                  <th
                    colspan="3"
                  >
                    Ingredients
                  </th>
                  <th>
                    <button
                      type="button"
                    >
                      + Add
                    </button>
                  </th>
                </tr>
                <tr
                  class="table-headerRow"
                >
                  <th>
                    Amount
                  </th>
                  <th>
                    Unit
                  </th>
                  <th>
                    Name
                  </th>
                  <th />
                </tr>
                <tr
                  class="table-contentRow"
                >
                  <td>
                    <div>
                      <input
                        autocomplete="off"
                        min="0"
                        name="amount"
                        step="any"
                        type="number"
                        value="0"
                      />
                    </div>
                  </td>
                  <td>
                    <div>
                      <select
                        autocomplete="off"
                        name="unit"
                      >
                        <option
                          value=""
                        >
                          --option--
                        </option>
                        <option
                          value="cup"
                        >
                          cup
                        </option>
                        <option
                          value="package"
                        >
                          package
                        </option>
                      </select>
                    </div>
                  </td>
                  <td>
                    <div>
                      <input
                        autocomplete="off"
                        name="ingredient"
                        required=""
                        type="text"
                        value=""
                      />
                    </div>
                  </td>
                  <td>
                    <button
                      type="button"
                    >
                      Delete
                    </button>
                  </td>
                </tr>
              </tbody>
            </table>
          </div>
        </div>
        <div
          class="btn-group"
        >
          <button
            style="opacity: 1;"
            type="submit"
          >
            Save
          </button>
          <button
            class="cancelButton"
            type="button"
          >
            Cancel
          </button>
        </div>
      </form>
    </div>
  </div>
</div>
`;
