// Jest Snapshot v1, https://goo.gl/fbAQLP

exports[`DisplayOne page tests DisplayOne page draws correctly (snapshot) including data from test recipe 1 1`] = `
<div>
  <div
    class="Content-main"
  >
    <h1
      class="Recipe-title"
    >
      One-Pot Mac and Cheese
    </h1>
    <h5
      class="Recipe-tags"
    >
      Tags: 
      Dinner
    </h5>
    <h6
      class="Recipe-new"
    >
      This is a new recipe!
    </h6>
    <h6
      class="Recipe-popular"
    >
       
    </h6>
    <svg
      class="Icon-print"
      fill="currentColor"
      height="1em"
      stroke="currentColor"
      stroke-width="0"
      viewBox="0 0 16 16"
      width="1em"
      xmlns="http://www.w3.org/2000/svg"
    >
      <title>
        Print the shopping list
      </title>
      <path
        d="M2.5 8a.5.5 0 1 0 0-1 .5.5 0 0 0 0 1z"
      />
      <path
        d="M5 1a2 2 0 0 0-2 2v2H2a2 2 0 0 0-2 2v3a2 2 0 0 0 2 2h1v1a2 2 0 0 0 2 2h6a2 2 0 0 0 2-2v-1h1a2 2 0 0 0 2-2V7a2 2 0 0 0-2-2h-1V3a2 2 0 0 0-2-2H5zM4 3a1 1 0 0 1 1-1h6a1 1 0 0 1 1 1v2H4V3zm1 5a2 2 0 0 0-2 2v1H2a1 1 0 0 1-1-1V7a1 1 0 0 1 1-1h12a1 1 0 0 1 1 1v3a1 1 0 0 1-1 1h-1v-1a2 2 0 0 0-2-2H5zm7 2v3a1 1 0 0 1-1 1H5a1 1 0 0 1-1-1v-3a1 1 0 0 1 1-1h6a1 1 0 0 1 1 1z"
      />
    </svg>
    <p
      class="Recipe-description>"
    >
      Who likes cleaning up after making mac and cheese? 
          Not this girl. This one-pot mac and cheese is a family favorite, 
          and my 3-year-old is thrilled to see it coming to the dinner table. 
          We love to add sliced smoked sausage to this creamy mac recipe!
    </p>
    <div>
      <div>
        <label>
          Number of portions: 
        </label>
        <select
          name="portions"
          title="Number of portions"
        >
          <option
            value="1"
          >
            1
          </option>
          <option
            value="2"
          >
            2
          </option>
          <option
            value="3"
          >
            3
          </option>
          <option
            value="4"
          >
            4
          </option>
          <option
            value="5"
          >
            5
          </option>
          <option
            value="6"
          >
            6
          </option>
          <option
            value="7"
          >
            7
          </option>
          <option
            value="8"
          >
            8
          </option>
          <option
            value="9"
          >
            9
          </option>
          <option
            value="10"
          >
            10
          </option>
        </select>
      </div>
      <table
        class="Ingredients-main"
      >
        <tbody>
          <tr>
            <th
              class="Ingredients-header"
            >
              Ingredients:
            </th>
            <th />
          </tr>
          <tr
            class="Ingredients-row"
          >
            <td
              class="Ingredients-cell"
            >
              1.5
               
              cup
            </td>
            <td
              class="Ingredients-name"
            >
              whole milk
            </td>
          </tr>
          <tr
            class="Ingredients-row"
          >
            <td
              class="Ingredients-cell"
            >
              3
               
              cup
            </td>
            <td
              class="Ingredients-name"
            >
              water
            </td>
          </tr>
          <tr
            class="Ingredients-row"
          >
            <td
              class="Ingredients-cell"
            >
              1
               
              package
            </td>
            <td
              class="Ingredients-name"
            >
              elbow macaroni (16 ounces)
            </td>
          </tr>
          <tr
            class="Ingredients-row"
          >
            <td
              class="Ingredients-cell"
            >
              4
               
              ounce
            </td>
            <td
              class="Ingredients-name"
            >
              velveeta, cubed
            </td>
          </tr>
          <tr
            class="Ingredients-row"
          >
            <td
              class="Ingredients-cell"
            >
              2
               
              cup
            </td>
            <td
              class="Ingredients-name"
            >
              shredded sharp cheddar cheese
            </td>
          </tr>
          <tr
            class="Ingredients-row"
          >
            <td
              class="Ingredients-cell"
            >
              0.5
               
              teaspoon
            </td>
            <td
              class="Ingredients-name"
            >
              salt
            </td>
          </tr>
          <tr
            class="Ingredients-row"
          >
            <td
              class="Ingredients-cell"
            >
              0.5
               
              teaspoon
            </td>
            <td
              class="Ingredients-name"
            >
              coarsely ground pepper
            </td>
          </tr>
        </tbody>
      </table>
      <button
        class="Button-navigation"
        title="Like the recipe"
      >
        <svg
          fill="currentColor"
          height="1em"
          stroke="currentColor"
          stroke-width="0"
          viewBox="0 0 16 16"
          width="1em"
          xmlns="http://www.w3.org/2000/svg"
        >
          <path
            d="M8.864.046C7.908-.193 7.02.53 6.956 1.466c-.072 1.051-.23 2.016-.428 2.59-.125.36-.479 1.013-1.04 1.639-.557.623-1.282 1.178-2.131 1.41C2.685 7.288 2 7.87 2 8.72v4.001c0 .845.682 1.464 1.448 1.545 1.07.114 1.564.415 2.068.723l.048.03c.272.165.578.348.97.484.397.136.861.217 1.466.217h3.5c.937 0 1.599-.477 1.934-1.064a1.86 1.86 0 0 0 .254-.912c0-.152-.023-.312-.077-.464.201-.263.38-.578.488-.901.11-.33.172-.762.004-1.149.069-.13.12-.269.159-.403.077-.27.113-.568.113-.857 0-.288-.036-.585-.113-.856a2.144 2.144 0 0 0-.138-.362 1.9 1.9 0 0 0 .234-1.734c-.206-.592-.682-1.1-1.2-1.272-.847-.282-1.803-.276-2.516-.211a9.84 9.84 0 0 0-.443.05 9.365 9.365 0 0 0-.062-4.509A1.38 1.38 0 0 0 9.125.111L8.864.046zM11.5 14.721H8c-.51 0-.863-.069-1.14-.164-.281-.097-.506-.228-.776-.393l-.04-.024c-.555-.339-1.198-.731-2.49-.868-.333-.036-.554-.29-.554-.55V8.72c0-.254.226-.543.62-.65 1.095-.3 1.977-.996 2.614-1.708.635-.71 1.064-1.475 1.238-1.978.243-.7.407-1.768.482-2.85.025-.362.36-.594.667-.518l.262.066c.16.04.258.143.288.255a8.34 8.34 0 0 1-.145 4.725.5.5 0 0 0 .595.644l.003-.001.014-.003.058-.014a8.908 8.908 0 0 1 1.036-.157c.663-.06 1.457-.054 2.11.164.175.058.45.3.57.65.107.308.087.67-.266 1.022l-.353.353.353.354c.043.043.105.141.154.315.048.167.075.37.075.581 0 .212-.027.414-.075.582-.05.174-.111.272-.154.315l-.353.353.353.354c.047.047.109.177.005.488a2.224 2.224 0 0 1-.505.805l-.353.353.353.354c.006.005.041.05.041.17a.866.866 0 0 1-.121.416c-.165.288-.503.56-1.066.56z"
          />
        </svg>
      </button>
      <a
        href="/edit/1"
      >
        <button
          class="Button-navigation"
          title="Edit recipe"
        >
          Edit recipe
        </button>
      </a>
      <a
        href="/cart"
      >
        <button
          class="Button-navigation"
          title="Add recipe to shopping list"
        >
          <svg
            fill="currentColor"
            height="1em"
            stroke="currentColor"
            stroke-width="0"
            viewBox="0 0 24 24"
            width="1em"
            xmlns="http://www.w3.org/2000/svg"
          >
            <g>
              <path
                d="M0 0h24v24H0z"
                fill="none"
              />
              <path
                d="M4 6.414L.757 3.172l1.415-1.415L5.414 5h15.242a1 1 0 0 1 .958 1.287l-2.4 8a1 1 0 0 1-.958.713H6v2h11v2H5a1 1 0 0 1-1-1V6.414zM6 7v6h11.512l1.8-6H6zm-.5 16a1.5 1.5 0 1 1 0-3 1.5 1.5 0 0 1 0 3zm12 0a1.5 1.5 0 1 1 0-3 1.5 1.5 0 0 1 0 3z"
              />
            </g>
          </svg>
           
        </button>
      </a>
      <div>
        <a
          href="/"
        >
          <button
            class="Button-navigation"
            title="Back"
          >
            Back
          </button>
        </a>
      </div>
    </div>
  </div>
</div>
`;
